[ 2026-09-06 11:00:38,343 ] 40 root - INFO - Entered the data ingestion method or component
[ 2026-09-06 11:00:38,347 ] 50 root - INFO - Read the dataset as dataframe
[ 2026-09-06 11:00:38,347 ] 62 root - INFO - Train test split initiated
[ 2026-09-06 11:00:38,348 ] 73 root - INFO - Train test split completed
[ 2026-09-06 11:00:38,353 ] 89 root - INFO - Ingestion of data is completed
[ 2026-09-06 11:00:38,353 ] 178 root - INFO - Starting data transformation
[ 2026-09-06 11:00:38,356 ] 186 root - INFO - Training and testing data loaded successfully
[ 2026-09-06 11:00:38,361 ] 282 root - INFO - Feature engineering completed
[ 2026-09-06 11:00:38,365 ] 317 root - INFO - Binary columns converted to numerical values
[ 2026-09-06 11:00:38,366 ] 341 root - INFO - Input features and target variable separated
[ 2026-09-06 11:00:38,366 ] 88 root - INFO - Numerical features identified: ['age', 'Medu', 'Fedu', 'traveltime', 'studytime', 'failures', 'schoolsup', 'famsup', 'paid', 'activities', 'nursery', 'higher', 'internet', 'romantic', 'famrel', 'freetime', 'goout', 'Dalc', 'Walc', 'health', 'absences', 'G1', 'G2', 'grade_improvement', 'alcohol_score', 'avg_alcohol', 'social_activity_score', 'parent_education_avg', 'parent_education_gap', 'academic_risk']
[ 2026-09-06 11:00:38,366 ] 93 root - INFO - Categorical features identified: ['school', 'sex', 'address', 'famsize', 'Pstatus', 'Mjob', 'Fjob', 'reason', 'guardian', 'absence_level']
[ 2026-09-06 11:00:38,366 ] 126 root - INFO - Numerical pipeline created successfully
[ 2026-09-06 11:00:38,366 ] 130 root - INFO - Categorical pipeline created successfully
[ 2026-09-06 11:00:38,366 ] 150 root - INFO - Preprocessor object created successfully
[ 2026-09-06 11:00:38,366 ] 351 root - INFO - Applying preprocessing object to training data
[ 2026-09-06 11:00:38,376 ] 360 root - INFO - Training data transformation completed
[ 2026-09-06 11:00:38,376 ] 364 root - INFO - Applying preprocessing object to testing data
[ 2026-09-06 11:00:38,380 ] 373 root - INFO - Testing data transformation completed
[ 2026-09-06 11:00:38,381 ] 402 root - INFO - Preprocessor object saved successfully
